INFO: maximize:
INFO:   +1/68630377364883x_0 +1/22876792454961x_1 +1/7625597484987x_2 +1/2541865828329x_3 +1/847288609443x_4 +1/282429536481x_5 +1/94143178827x_6 +1/31381059609x_7 +1/10460353203x_8 +1/3486784401x_9 +1/1162261467x_10 +1/387420489x_11 +1/129140163x_12 +1/43046721x_13 +1/14348907x_14 +1/4782969x_15 +1/1594323x_16 +1/531441x_17 +1/177147x_18 +1/59049x_19 +1/19683x_20 +1/6561x_21 +1/2187x_22 +1/729x_23 +1/243x_24 +1/81x_25 +1/27x_26 +1/9x_27 +1/3x_28 +x_29
INFO: subject to:
INFO:                   +x_0                                                                                                                                                                                                                                                                                                                                                                                                                                             <= 1
INFO:                +2/3x_0                 +x_1                                                                                                                                                                                                                                                                                                                                                                                                                        <= 1
INFO:                +2/9x_0              +2/3x_1                +x_2                                                                                                                                                                                                                                                                                                                                                                                                    <= 1
INFO:               +2/27x_0              +2/9x_1             +2/3x_2                +x_3                                                                                                                                                                                                                                                                                                                                                                                <= 1
INFO:               +2/81x_0             +2/27x_1             +2/9x_2             +2/3x_3               +x_4                                                                                                                                                                                                                                                                                                                                                             <= 1
INFO:              +2/243x_0             +2/81x_1            +2/27x_2             +2/9x_3            +2/3x_4               +x_5                                                                                                                                                                                                                                                                                                                                          <= 1
INFO:              +2/729x_0            +2/243x_1            +2/81x_2            +2/27x_3            +2/9x_4            +2/3x_5              +x_6                                                                                                                                                                                                                                                                                                                        <= 1
INFO:             +2/2187x_0            +2/729x_1           +2/243x_2            +2/81x_3           +2/27x_4            +2/9x_5           +2/3x_6              +x_7                                                                                                                                                                                                                                                                                                      <= 1
INFO:             +2/6561x_0           +2/2187x_1           +2/729x_2           +2/243x_3           +2/81x_4           +2/27x_5           +2/9x_6           +2/3x_7              +x_8                                                                                                                                                                                                                                                                                    <= 1
INFO:            +2/19683x_0           +2/6561x_1          +2/2187x_2           +2/729x_3          +2/243x_4           +2/81x_5          +2/27x_6           +2/9x_7           +2/3x_8             +x_9                                                                                                                                                                                                                                                                   <= 1
INFO:            +2/59049x_0          +2/19683x_1          +2/6561x_2          +2/2187x_3          +2/729x_4          +2/243x_5          +2/81x_6          +2/27x_7           +2/9x_8          +2/3x_9             +x_10                                                                                                                                                                                                                                                 <= 1
INFO:           +2/177147x_0          +2/59049x_1         +2/19683x_2          +2/6561x_3         +2/2187x_4          +2/729x_5         +2/243x_6          +2/81x_7          +2/27x_8          +2/9x_9          +2/3x_10            +x_11                                                                                                                                                                                                                                <= 1
INFO:           +2/531441x_0         +2/177147x_1         +2/59049x_2         +2/19683x_3         +2/6561x_4         +2/2187x_5         +2/729x_6         +2/243x_7          +2/81x_8         +2/27x_9          +2/9x_10         +2/3x_11            +x_12                                                                                                                                                                                                               <= 1
INFO:          +2/1594323x_0         +2/531441x_1        +2/177147x_2         +2/59049x_3        +2/19683x_4         +2/6561x_5        +2/2187x_6         +2/729x_7         +2/243x_8         +2/81x_9         +2/27x_10         +2/9x_11         +2/3x_12           +x_13                                                                                                                                                                                               <= 1
INFO:          +2/4782969x_0        +2/1594323x_1        +2/531441x_2        +2/177147x_3        +2/59049x_4        +2/19683x_5        +2/6561x_6        +2/2187x_7         +2/729x_8        +2/243x_9         +2/81x_10        +2/27x_11         +2/9x_12        +2/3x_13           +x_14                                                                                                                                                                               <= 1
INFO:         +2/14348907x_0        +2/4782969x_1       +2/1594323x_2        +2/531441x_3       +2/177147x_4        +2/59049x_5       +2/19683x_6        +2/6561x_7        +2/2187x_8        +2/729x_9        +2/243x_10        +2/81x_11        +2/27x_12        +2/9x_13        +2/3x_14          +x_15                                                                                                                                                                <= 1
INFO:         +2/43046721x_0       +2/14348907x_1       +2/4782969x_2       +2/1594323x_3       +2/531441x_4       +2/177147x_5       +2/59049x_6       +2/19683x_7        +2/6561x_8       +2/2187x_9        +2/729x_10       +2/243x_11        +2/81x_12       +2/27x_13        +2/9x_14       +2/3x_15          +x_16                                                                                                                                                 <= 1
INFO:        +2/129140163x_0       +2/43046721x_1      +2/14348907x_2       +2/4782969x_3      +2/1594323x_4       +2/531441x_5      +2/177147x_6       +2/59049x_7       +2/19683x_8       +2/6561x_9       +2/2187x_10       +2/729x_11       +2/243x_12       +2/81x_13       +2/27x_14       +2/9x_15       +2/3x_16         +x_17                                                                                                                                   <= 1
INFO:        +2/387420489x_0      +2/129140163x_1      +2/43046721x_2      +2/14348907x_3      +2/4782969x_4      +2/1594323x_5      +2/531441x_6      +2/177147x_7       +2/59049x_8      +2/19683x_9       +2/6561x_10      +2/2187x_11       +2/729x_12      +2/243x_13       +2/81x_14      +2/27x_15       +2/9x_16      +2/3x_17         +x_18                                                                                                                     <= 1
INFO:       +2/1162261467x_0      +2/387420489x_1     +2/129140163x_2      +2/43046721x_3     +2/14348907x_4      +2/4782969x_5     +2/1594323x_6      +2/531441x_7      +2/177147x_8      +2/59049x_9      +2/19683x_10      +2/6561x_11      +2/2187x_12      +2/729x_13      +2/243x_14      +2/81x_15      +2/27x_16      +2/9x_17      +2/3x_18        +x_19                                                                                                        <= 1
INFO:       +2/3486784401x_0     +2/1162261467x_1     +2/387420489x_2     +2/129140163x_3     +2/43046721x_4     +2/14348907x_5     +2/4782969x_6     +2/1594323x_7      +2/531441x_8     +2/177147x_9      +2/59049x_10     +2/19683x_11      +2/6561x_12     +2/2187x_13      +2/729x_14     +2/243x_15      +2/81x_16     +2/27x_17      +2/9x_18     +2/3x_19        +x_20                                                                                           <= 1
INFO:      +2/10460353203x_0     +2/3486784401x_1    +2/1162261467x_2     +2/387420489x_3    +2/129140163x_4     +2/43046721x_5    +2/14348907x_6     +2/4782969x_7     +2/1594323x_8     +2/531441x_9     +2/177147x_10     +2/59049x_11     +2/19683x_12     +2/6561x_13     +2/2187x_14     +2/729x_15     +2/243x_16     +2/81x_17     +2/27x_18     +2/9x_19     +2/3x_20       +x_21                                                                               <= 1
INFO:      +2/31381059609x_0    +2/10460353203x_1    +2/3486784401x_2    +2/1162261467x_3    +2/387420489x_4    +2/129140163x_5    +2/43046721x_6    +2/14348907x_7     +2/4782969x_8    +2/1594323x_9     +2/531441x_10    +2/177147x_11     +2/59049x_12    +2/19683x_13     +2/6561x_14    +2/2187x_15     +2/729x_16    +2/243x_17     +2/81x_18    +2/27x_19     +2/9x_20    +2/3x_21       +x_22                                                                   <= 1
INFO:      +2/94143178827x_0    +2/31381059609x_1   +2/10460353203x_2    +2/3486784401x_3   +2/1162261467x_4    +2/387420489x_5   +2/129140163x_6    +2/43046721x_7    +2/14348907x_8    +2/4782969x_9    +2/1594323x_10    +2/531441x_11    +2/177147x_12    +2/59049x_13    +2/19683x_14    +2/6561x_15    +2/2187x_16    +2/729x_17    +2/243x_18    +2/81x_19    +2/27x_20    +2/9x_21    +2/3x_22      +x_23                                                        <= 1
INFO:     +2/282429536481x_0    +2/94143178827x_1   +2/31381059609x_2   +2/10460353203x_3   +2/3486784401x_4   +2/1162261467x_5   +2/387420489x_6   +2/129140163x_7    +2/43046721x_8   +2/14348907x_9    +2/4782969x_10   +2/1594323x_11    +2/531441x_12   +2/177147x_13    +2/59049x_14   +2/19683x_15    +2/6561x_16   +2/2187x_17    +2/729x_18   +2/243x_19    +2/81x_20   +2/27x_21    +2/9x_22   +2/3x_23      +x_24                                             <= 1
INFO:     +2/847288609443x_0   +2/282429536481x_1   +2/94143178827x_2   +2/31381059609x_3  +2/10460353203x_4   +2/3486784401x_5  +2/1162261467x_6   +2/387420489x_7   +2/129140163x_8   +2/43046721x_9   +2/14348907x_10   +2/4782969x_11   +2/1594323x_12   +2/531441x_13   +2/177147x_14   +2/59049x_15   +2/19683x_16   +2/6561x_17   +2/2187x_18   +2/729x_19   +2/243x_20   +2/81x_21   +2/27x_22   +2/9x_23   +2/3x_24     +x_25                                   <= 1
INFO:    +2/2541865828329x_0   +2/847288609443x_1  +2/282429536481x_2   +2/94143178827x_3  +2/31381059609x_4  +2/10460353203x_5  +2/3486784401x_6  +2/1162261467x_7   +2/387420489x_8  +2/129140163x_9   +2/43046721x_10  +2/14348907x_11   +2/4782969x_12  +2/1594323x_13   +2/531441x_14  +2/177147x_15   +2/59049x_16  +2/19683x_17   +2/6561x_18  +2/2187x_19   +2/729x_20  +2/243x_21   +2/81x_22  +2/27x_23   +2/9x_24  +2/3x_25     +x_26                         <= 1
INFO:    +2/7625597484987x_0  +2/2541865828329x_1  +2/847288609443x_2  +2/282429536481x_3  +2/94143178827x_4  +2/31381059609x_5 +2/10460353203x_6  +2/3486784401x_7  +2/1162261467x_8  +2/387420489x_9  +2/129140163x_10  +2/43046721x_11  +2/14348907x_12  +2/4782969x_13  +2/1594323x_14  +2/531441x_15  +2/177147x_16  +2/59049x_17  +2/19683x_18  +2/6561x_19  +2/2187x_20  +2/729x_21  +2/243x_22  +2/81x_23  +2/27x_24  +2/9x_25  +2/3x_26    +x_27                <= 1
INFO:   +2/22876792454961x_0  +2/7625597484987x_1 +2/2541865828329x_2  +2/847288609443x_3 +2/282429536481x_4  +2/94143178827x_5 +2/31381059609x_6 +2/10460353203x_7  +2/3486784401x_8 +2/1162261467x_9  +2/387420489x_10 +2/129140163x_11  +2/43046721x_12 +2/14348907x_13  +2/4782969x_14 +2/1594323x_15  +2/531441x_16 +2/177147x_17  +2/59049x_18 +2/19683x_19  +2/6561x_20 +2/2187x_21  +2/729x_22 +2/243x_23  +2/81x_24 +2/27x_25  +2/9x_26 +2/3x_27    +x_28       <= 1
INFO:   +2/68630377364883x_0 +2/22876792454961x_1 +2/7625597484987x_2 +2/2541865828329x_3 +2/847288609443x_4 +2/282429536481x_5 +2/94143178827x_6 +2/31381059609x_7 +2/10460353203x_8 +2/3486784401x_9 +2/1162261467x_10 +2/387420489x_11 +2/129140163x_12 +2/43046721x_13 +2/14348907x_14 +2/4782969x_15 +2/1594323x_16 +2/531441x_17 +2/177147x_18 +2/59049x_19 +2/19683x_20 +2/6561x_21 +2/2187x_22 +2/729x_23 +2/243x_24 +2/81x_25 +2/27x_26 +2/9x_27 +2/3x_28 +x_29 <= 1
INFO:   x_0, x_1, x_2, x_3, x_4, x_5, x_6, x_7, x_8, x_9, x_10, x_11, x_12, x_13, x_14, x_15, x_16, x_17, x_18, x_19, x_20, x_21, x_22, x_23, x_24, x_25, x_26, x_27, x_28, x_29, x_30, x_31, x_32, x_33, x_34, x_35, x_36, x_37, x_38, x_39, x_40, x_41, x_42, x_43, x_44, x_45, x_46, x_47, x_48, x_49, x_50, x_51, x_52, x_53, x_54, x_55, x_56, x_57, x_58, x_59 >= 0
INFO: number of variables: 30
INFO: number of constraints: 30
INFO: PHASE 2 (initial base: [30 31 32 33 34 35 36 37 38 39 40 41 42 43 44 45 46 47 48 49 50 51 52 53 54
 55 56 57 58 59])
INFO: number of pivot steps (both phases): 1
INFO: rule used: greedy
BOUNDED
OPTIMAL VALUE:  1
SOLUTION:  x_0 = 0, x_1 = 0, x_2 = 0, x_3 = 0, x_4 = 0, x_5 = 0, x_6 = 0, x_7 = 0, x_8 = 0, x_9 = 0, x_10 = 0, x_11 = 0, x_12 = 0, x_13 = 0, x_14 = 0, x_15 = 0, x_16 = 0, x_17 = 0, x_18 = 0, x_19 = 0, x_20 = 0, x_21 = 0, x_22 = 0, x_23 = 0, x_24 = 0, x_25 = 0, x_26 = 0, x_27 = 0, x_28 = 0, x_29 = 1
